2026-09-06 16:14:52,562 INFO    app.ingest.nse_client nse transport: curl_cffi, Chrome TLS impersonation (tier 3)
2026-09-06 16:15:27,367 INFO    __main__ vendor lookup: 1696 of 1817 unresolved ISINs are listed by BSE (of 8476 BSE ISINs)
2026-09-06 16:16:08,208 INFO    __main__ vendor lookup 100/1696
2026-09-06 16:16:47,035 INFO    __main__ vendor lookup 200/1696
2026-09-06 16:17:25,022 INFO    __main__ vendor lookup 300/1696
2026-09-06 16:18:00,960 INFO    __main__ vendor lookup 400/1696
2026-09-06 16:18:38,543 INFO    __main__ vendor lookup 500/1696
2026-09-06 16:19:16,009 INFO    __main__ vendor lookup 600/1696
2026-09-06 16:19:52,503 INFO    __main__ vendor lookup 700/1696
2026-09-06 16:20:33,181 INFO    __main__ vendor lookup 800/1696
2026-09-06 16:21:09,902 INFO    __main__ vendor lookup 900/1696
2026-09-06 16:21:47,165 INFO    __main__ vendor lookup 1000/1696
2026-09-06 16:22:25,156 INFO    __main__ vendor lookup 1100/1696
2026-09-06 16:23:01,686 INFO    __main__ vendor lookup 1200/1696
2026-09-06 16:23:38,429 INFO    __main__ vendor lookup 1300/1696
2026-09-06 16:24:18,619 INFO    __main__ vendor lookup 1400/1696
2026-09-06 16:24:55,885 INFO    __main__ vendor lookup 1500/1696
2026-09-06 16:25:33,620 INFO    __main__ vendor lookup 1600/1696
2026-09-06 16:26:09,453 WARNING __main__ 1 retired symbols are live again on another instrument and are not aliased (ticker reuse, §5.1): DTIL
2026-09-06 16:26:10,679 INFO    __main__ symbol master 2026-09-06: 2570 instruments, 490 aliases, 0 quarantined, 0 deactivated
2026-09-06 16:26:10,680 INFO    __main__   sector_source PRIMARY_FILE    750   29.2%
2026-09-06 16:26:10,680 INFO    __main__   sector_source INDEX_MAP         3    0.1%
2026-09-06 16:26:10,680 INFO    __main__   sector_source VENDOR         1685   65.6%
2026-09-06 16:26:10,680 INFO    __main__   sector_source UNASSIGNED      132    5.1%
2026-09-06 16:26:10,680 INFO    __main__   swl_sector_coverage_ratio 0.9486
2026-09-06 16:26:10,681 INFO    __main__   swl_sector_coverage_ratio (active, read back) 0.9486
